.\gradle-8.4\bin\gradl
e.bat : 
At line:1 char:1
+ .\gradle-8.4\bin\gra
dle.bat assembleDebug 
> build_output.txt 
2>&1
+ ~~~~~~~~~~~~~~~~~~~~
~~~~~~~~~~~~~~~~~~~~~~
~~~~~~~~~~~~~~~~~~~~~~
~
    + CategoryInfo    
          : NotSpeci  
  fied: (:String) [   
 ], RemoteExceptio    
n
    + FullyQualifiedE 
   rrorId : NativeCo  
  mmandError
 
FAILURE: Build failed 
with an exception.

* What went wrong:
Could not determine 
the dependencies of 
task ':app:compileDebu
gJavaWithJavac'.
> SDK location not 
found. Define a valid 
SDK location with an 
ANDROID_HOME 
environment variable 
or by setting the 
sdk.dir path in your 
project's local 
properties file at 'D:
\ai_cam\local.properti
es'.

* Try:
> Run with 
--stacktrace option 
to get the stack 
trace.
> Run with --info or 
--debug option to get 
more log output.
> Run with --scan to 
get full insights.
> Get more help at htt
ps://help.gradle.org.

BUILD FAILED in 1s
